###############################################################################
#
# IAR ELF Linker V7.10.1.6676/W32 for ARM                 10/Jun/2019  19:07:58
# Copyright 2007-2014 IAR Systems AB.
#
#    Output file  =  
#        D:\WAVESHARE_STM32_IAR_DEV\Open429I-C-Demo-Iar\Projects\CANLoopBackTestMode\EWARM\CANLoopBackTestMode\Exe\CANLoopBackTestMode.out
#    Map file     =  
#        D:\WAVESHARE_STM32_IAR_DEV\Open429I-C-Demo-Iar\Projects\CANLoopBackTestMode\EWARM\CANLoopBackTestMode/List\CANLoopBackTestMode.map
#    Command line =  
#        D:\WAVESHARE_STM32_IAR_DEV\Open429I-C-Demo-Iar\Projects\CANLoopBackTestMode\EWARM\CANLoopBackTestMode\Obj\main.o
#        D:\WAVESHARE_STM32_IAR_DEV\Open429I-C-Demo-Iar\Projects\CANLoopBackTestMode\EWARM\CANLoopBackTestMode\Obj\startup_stm32f429xx.o
#        D:\WAVESHARE_STM32_IAR_DEV\Open429I-C-Demo-Iar\Projects\CANLoopBackTestMode\EWARM\CANLoopBackTestMode\Obj\stm32f4xx_hal.o
#        D:\WAVESHARE_STM32_IAR_DEV\Open429I-C-Demo-Iar\Projects\CANLoopBackTestMode\EWARM\CANLoopBackTestMode\Obj\stm32f4xx_hal_can.o
#        D:\WAVESHARE_STM32_IAR_DEV\Open429I-C-Demo-Iar\Projects\CANLoopBackTestMode\EWARM\CANLoopBackTestMode\Obj\stm32f4xx_hal_cortex.o
#        D:\WAVESHARE_STM32_IAR_DEV\Open429I-C-Demo-Iar\Projects\CANLoopBackTestMode\EWARM\CANLoopBackTestMode\Obj\stm32f4xx_hal_dma.o
#        D:\WAVESHARE_STM32_IAR_DEV\Open429I-C-Demo-Iar\Projects\CANLoopBackTestMode\EWARM\CANLoopBackTestMode\Obj\stm32f4xx_hal_dma_ex.o
#        D:\WAVESHARE_STM32_IAR_DEV\Open429I-C-Demo-Iar\Projects\CANLoopBackTestMode\EWARM\CANLoopBackTestMode\Obj\stm32f4xx_hal_flash.o
#        D:\WAVESHARE_STM32_IAR_DEV\Open429I-C-Demo-Iar\Projects\CANLoopBackTestMode\EWARM\CANLoopBackTestMode\Obj\stm32f4xx_hal_flash_ex.o
#        D:\WAVESHARE_STM32_IAR_DEV\Open429I-C-Demo-Iar\Projects\CANLoopBackTestMode\EWARM\CANLoopBackTestMode\Obj\stm32f4xx_hal_flash_ramfunc.o
#        D:\WAVESHARE_STM32_IAR_DEV\Open429I-C-Demo-Iar\Projects\CANLoopBackTestMode\EWARM\CANLoopBackTestMode\Obj\stm32f4xx_hal_gpio.o
#        D:\WAVESHARE_STM32_IAR_DEV\Open429I-C-Demo-Iar\Projects\CANLoopBackTestMode\EWARM\CANLoopBackTestMode\Obj\stm32f4xx_hal_msp.o
#        D:\WAVESHARE_STM32_IAR_DEV\Open429I-C-Demo-Iar\Projects\CANLoopBackTestMode\EWARM\CANLoopBackTestMode\Obj\stm32f4xx_hal_pwr.o
#        D:\WAVESHARE_STM32_IAR_DEV\Open429I-C-Demo-Iar\Projects\CANLoopBackTestMode\EWARM\CANLoopBackTestMode\Obj\stm32f4xx_hal_pwr_ex.o
#        D:\WAVESHARE_STM32_IAR_DEV\Open429I-C-Demo-Iar\Projects\CANLoopBackTestMode\EWARM\CANLoopBackTestMode\Obj\stm32f4xx_hal_rcc.o
#        D:\WAVESHARE_STM32_IAR_DEV\Open429I-C-Demo-Iar\Projects\CANLoopBackTestMode\EWARM\CANLoopBackTestMode\Obj\stm32f4xx_hal_rcc_ex.o
#        D:\WAVESHARE_STM32_IAR_DEV\Open429I-C-Demo-Iar\Projects\CANLoopBackTestMode\EWARM\CANLoopBackTestMode\Obj\stm32f4xx_hal_tim.o
#        D:\WAVESHARE_STM32_IAR_DEV\Open429I-C-Demo-Iar\Projects\CANLoopBackTestMode\EWARM\CANLoopBackTestMode\Obj\stm32f4xx_hal_tim_ex.o
#        D:\WAVESHARE_STM32_IAR_DEV\Open429I-C-Demo-Iar\Projects\CANLoopBackTestMode\EWARM\CANLoopBackTestMode\Obj\stm32f4xx_hal_uart.o
#        D:\WAVESHARE_STM32_IAR_DEV\Open429I-C-Demo-Iar\Projects\CANLoopBackTestMode\EWARM\CANLoopBackTestMode\Obj\stm32f4xx_it.o
#        D:\WAVESHARE_STM32_IAR_DEV\Open429I-C-Demo-Iar\Projects\CANLoopBackTestMode\EWARM\CANLoopBackTestMode\Obj\system_stm32f4xx.o
#        --redirect _Printf=_PrintfFull --redirect _Scanf=_ScanfFull -o
#        D:\WAVESHARE_STM32_IAR_DEV\Open429I-C-Demo-Iar\Projects\CANLoopBackTestMode\EWARM\CANLoopBackTestMode\Exe\CANLoopBackTestMode.out
#        --map
#        D:\WAVESHARE_STM32_IAR_DEV\Open429I-C-Demo-Iar\Projects\CANLoopBackTestMode\EWARM\CANLoopBackTestMode/List\CANLoopBackTestMode.map
#        --config
#        D:\WAVESHARE_STM32_IAR_DEV\Open429I-C-Demo-Iar\Projects\CANLoopBackTestMode\EWARM/stm32f429xx_flash.icf
#        --semihosting --entry __iar_program_start --vfe
#
###############################################################################

*******************************************************************************
*** RUNTIME MODEL ATTRIBUTES
***

CppFlavor                     = *
__Heap_Handler                = Basic
__SystemLibrary               = DLib
__dlib_dynamic_initialization = normal


*******************************************************************************
*** PLACEMENT SUMMARY
***

"A1":  place at 0x08000000 { ro section .intvec };
"P1":  place in [from 0x08000000 to 0x081fffff] { ro };
"P2":  place in [from 0x20000000 to 0x2002ffff] { rw, block CSTACK, block HEAP };

  Section            Kind        Address    Size  Object
  -------            ----        -------    ----  ------
"A1":                                      0x1ac
  .intvec            ro code  0x08000000   0x1ac  startup_stm32f429xx.o [1]
                            - 0x080001ac   0x1ac

"P1":                                     0x11d4
  .text              ro code  0x080001ac   0x460  stm32f4xx_hal_rcc.o [1]
  .text              ro code  0x0800060c    0x88  stm32f4xx_hal.o [1]
  .text              ro code  0x08000694    0xee  I64DivMod.o [5]
  .text              ro code  0x08000782    0x2e  copy_init3.o [5]
  .text              ro code  0x080007b0    0xde  stm32f4xx_hal_cortex.o [1]
  .text              ro code  0x0800088e    0x22  zero_init3.o [5]
  .text              ro code  0x080008b0   0x118  stm32f4xx_hal_msp.o [1]
  .text              ro code  0x080009c8     0x2  I64DivZer.o [5]
  .text              ro code  0x080009cc   0x1e8  stm32f4xx_hal_gpio.o [1]
  .text              ro code  0x08000bb4   0x208  stm32f4xx_hal_uart.o [1]
  .text              ro code  0x08000dbc   0x17c  main.o [1]
  .text              ro code  0x08000f38   0x108  stm32f4xx_hal_can.o [1]
  .text              ro code  0x08001040    0x78  stm32f4xx_hal_pwr_ex.o [1]
  .text              ro code  0x080010b8    0x60  system_stm32f4xx.o [1]
  .text              ro code  0x08001118    0x28  data_init.o [5]
  .iar.init_table    const    0x08001140    0x24  - Linker created -
  .text              ro code  0x08001164    0x1e  stm32f4xx_it.o [1]
  .text              ro code  0x08001184    0x1a  fpinit_M.o [4]
  .text              ro code  0x080011a0    0x1a  cmain.o [5]
  .text              ro code  0x080011ba     0x4  low_level_init.o [3]
  .text              ro code  0x080011be     0x4  exit.o [3]
  .text              ro code  0x080011c4     0xa  cexit.o [5]
  .text              ro code  0x080011d0    0x14  exit.o [6]
  .text              ro code  0x080011e4    0x10  startup_stm32f429xx.o [1]
  .text              ro code  0x080011f4     0xc  cstartup_M.o [5]
  .rodata            const    0x08001200     0x8  system_stm32f4xx.o [1]
  .text              ro code  0x08001208     0x4  startup_stm32f429xx.o [1]
  .text              ro code  0x0800120c     0x4  startup_stm32f429xx.o [1]
  .text              ro code  0x08001210     0x4  startup_stm32f429xx.o [1]
  .text              ro code  0x08001214     0x4  startup_stm32f429xx.o [1]
  .text              ro code  0x08001218     0x4  startup_stm32f429xx.o [1]
  .text              ro code  0x0800121c     0x4  startup_stm32f429xx.o [1]
  .text              ro code  0x08001220     0x4  startup_stm32f429xx.o [1]
  .text              ro code  0x08001224     0x4  startup_stm32f429xx.o [1]
  .text              ro code  0x08001228     0x4  startup_stm32f429xx.o [1]
  .text              ro code  0x0800122c     0x4  startup_stm32f429xx.o [1]
  .text              ro code  0x08001230     0x4  startup_stm32f429xx.o [1]
  .text              ro code  0x08001234     0x4  startup_stm32f429xx.o [1]
  .text              ro code  0x08001238     0x4  startup_stm32f429xx.o [1]
  .text              ro code  0x0800123c     0x4  startup_stm32f429xx.o [1]
  .text              ro code  0x08001240     0x4  startup_stm32f429xx.o [1]
  .text              ro code  0x08001244     0x4  startup_stm32f429xx.o [1]
  .text              ro code  0x08001248     0x4  startup_stm32f429xx.o [1]
  .text              ro code  0x0800124c     0x4  startup_stm32f429xx.o [1]
  .text              ro code  0x08001250     0x4  startup_stm32f429xx.o [1]
  .text              ro code  0x08001254     0x4  startup_stm32f429xx.o [1]
  .text              ro code  0x08001258     0x4  startup_stm32f429xx.o [1]
  .text              ro code  0x0800125c     0x4  startup_stm32f429xx.o [1]
  .text              ro code  0x08001260     0x4  startup_stm32f429xx.o [1]
  .text              ro code  0x08001264     0x4  startup_stm32f429xx.o [1]
  .text              ro code  0x08001268     0x4  startup_stm32f429xx.o [1]
  .text              ro code  0x0800126c     0x4  startup_stm32f429xx.o [1]
  .text              ro code  0x08001270     0x4  startup_stm32f429xx.o [1]
  .text              ro code  0x08001274     0x4  startup_stm32f429xx.o [1]
  .text              ro code  0x08001278     0x4  startup_stm32f429xx.o [1]
  .text              ro code  0x0800127c     0x4  startup_stm32f429xx.o [1]
  .text              ro code  0x08001280     0x4  startup_stm32f429xx.o [1]
  .text              ro code  0x08001284     0x4  startup_stm32f429xx.o [1]
  .text              ro code  0x08001288     0x4  startup_stm32f429xx.o [1]
  .text              ro code  0x0800128c     0x4  startup_stm32f429xx.o [1]
  .text              ro code  0x08001290     0x4  startup_stm32f429xx.o [1]
  .text              ro code  0x08001294     0x4  startup_stm32f429xx.o [1]
  .text              ro code  0x08001298     0x4  startup_stm32f429xx.o [1]
  .text              ro code  0x0800129c     0x4  startup_stm32f429xx.o [1]
  .text              ro code  0x080012a0     0x4  startup_stm32f429xx.o [1]
  .text              ro code  0x080012a4     0x4  startup_stm32f429xx.o [1]
  .text              ro code  0x080012a8     0x4  startup_stm32f429xx.o [1]
  .text              ro code  0x080012ac     0x4  startup_stm32f429xx.o [1]
  .text              ro code  0x080012b0     0x4  startup_stm32f429xx.o [1]
  .text              ro code  0x080012b4     0x4  startup_stm32f429xx.o [1]
  .text              ro code  0x080012b8     0x4  startup_stm32f429xx.o [1]
  .text              ro code  0x080012bc     0x4  startup_stm32f429xx.o [1]
  .text              ro code  0x080012c0     0x4  startup_stm32f429xx.o [1]
  .text              ro code  0x080012c4     0x4  startup_stm32f429xx.o [1]
  .text              ro code  0x080012c8     0x4  startup_stm32f429xx.o [1]
  .text              ro code  0x080012cc     0x4  startup_stm32f429xx.o [1]
  .text              ro code  0x080012d0     0x4  startup_stm32f429xx.o [1]
  .text              ro code  0x080012d4     0x4  startup_stm32f429xx.o [1]
  .text              ro code  0x080012d8     0x4  startup_stm32f429xx.o [1]
  .text              ro code  0x080012dc     0x4  startup_stm32f429xx.o [1]
  .text              ro code  0x080012e0     0x4  startup_stm32f429xx.o [1]
  .text              ro code  0x080012e4     0x4  startup_stm32f429xx.o [1]
  .text              ro code  0x080012e8     0x4  startup_stm32f429xx.o [1]
  .text              ro code  0x080012ec     0x4  startup_stm32f429xx.o [1]
  .text              ro code  0x080012f0     0x4  startup_stm32f429xx.o [1]
  .text              ro code  0x080012f4     0x4  startup_stm32f429xx.o [1]
  .text              ro code  0x080012f8     0x4  startup_stm32f429xx.o [1]
  .text              ro code  0x080012fc     0x4  startup_stm32f429xx.o [1]
  .text              ro code  0x08001300     0x4  startup_stm32f429xx.o [1]
  .text              ro code  0x08001304     0x4  startup_stm32f429xx.o [1]
  .text              ro code  0x08001308     0x4  startup_stm32f429xx.o [1]
  .text              ro code  0x0800130c     0x4  startup_stm32f429xx.o [1]
  .text              ro code  0x08001310     0x4  startup_stm32f429xx.o [1]
  .text              ro code  0x08001314     0x4  startup_stm32f429xx.o [1]
  .text              ro code  0x08001318     0x4  startup_stm32f429xx.o [1]
  .text              ro code  0x0800131c     0x4  startup_stm32f429xx.o [1]
  .text              ro code  0x08001320     0x4  startup_stm32f429xx.o [1]
  .text              ro code  0x08001324     0x4  startup_stm32f429xx.o [1]
  .text              ro code  0x08001328     0x4  startup_stm32f429xx.o [1]
  .text              ro code  0x0800132c     0x4  startup_stm32f429xx.o [1]
  .text              ro code  0x08001330     0x4  startup_stm32f429xx.o [1]
  .text              ro code  0x08001334     0x4  startup_stm32f429xx.o [1]
  .text              ro code  0x08001338     0x4  startup_stm32f429xx.o [1]
  .text              ro code  0x0800133c     0x4  startup_stm32f429xx.o [1]
  .text              ro code  0x08001340     0x4  startup_stm32f429xx.o [1]
  .text              ro code  0x08001344     0x4  startup_stm32f429xx.o [1]
  .text              ro code  0x08001348     0x4  startup_stm32f429xx.o [1]
  .text              ro code  0x0800134c     0x4  startup_stm32f429xx.o [1]
  .text              ro code  0x08001350     0x4  startup_stm32f429xx.o [1]
  .text              ro code  0x08001354     0x4  startup_stm32f429xx.o [1]
  .text              ro code  0x08001358     0x4  startup_stm32f429xx.o [1]
  .text              ro code  0x0800135c     0x4  startup_stm32f429xx.o [1]
  .text              ro code  0x08001360     0x4  startup_stm32f429xx.o [1]
  .text              ro code  0x08001364     0x4  startup_stm32f429xx.o [1]
  .text              ro code  0x08001368     0x4  startup_stm32f429xx.o [1]
  .text              ro code  0x0800136c     0x4  startup_stm32f429xx.o [1]
  .rodata            const    0x08001370     0x0  zero_init3.o [5]
  .rodata            const    0x08001370     0x0  copy_init3.o [5]
  Initializer bytes  ro data  0x08001370    0x10  <for P2 s0>
                            - 0x08001380  0x11d4

"P2", part 1 of 3:                          0x10
  P2 s0                       0x20000000    0x10  <Init block>
    .data            inited   0x20000000     0xc  stm32f4xx_hal.o [1]
    .data            inited   0x2000000c     0x4  system_stm32f4xx.o [1]
                            - 0x20000010    0x10

"P2", part 2 of 3:                          0x68
  .bss               zero     0x20000010    0x40  main.o [1]
  .bss               zero     0x20000050    0x28  main.o [1]
                            - 0x20000078    0x68

"P2", part 3 of 3:                         0x400
  CSTACK                      0x20000078   0x400  <Block>
    CSTACK           uninit   0x20000078   0x400  <Block tail>
                            - 0x20000478   0x400


*******************************************************************************
*** INIT TABLE
***

          Address     Size
          -------     ----
Zero (__iar_zero_init3)
    1 destination range, total size 0x68:
          0x20000010  0x68

Copy (__iar_copy_init3)
    1 source range, total size 0x10:
          0x08001370  0x10
    1 destination range, total size 0x10:
          0x20000000  0x10



*******************************************************************************
*** MODULE SUMMARY
***

    Module                  ro code  ro data  rw data
    ------                  -------  -------  -------
D:\WAVESHARE_STM32_IAR_DEV\Open429I-C-Demo-Iar\Projects\CANLoopBackTestMode\EWARM\CANLoopBackTestMode\Obj: [1]
    main.o                      380               104
    startup_stm32f429xx.o       804
    stm32f4xx_hal.o             136       12       12
    stm32f4xx_hal_can.o         264
    stm32f4xx_hal_cortex.o      222
    stm32f4xx_hal_gpio.o        488
    stm32f4xx_hal_msp.o         280
    stm32f4xx_hal_pwr_ex.o      120
    stm32f4xx_hal_rcc.o       1 120
    stm32f4xx_hal_uart.o        520
    stm32f4xx_it.o               30
    system_stm32f4xx.o           96       12        4
    -------------------------------------------------
    Total:                    4 460       24      120

command line: [2]
    -------------------------------------------------
    Total:

dl7M_tlf.a: [3]
    exit.o                        4
    low_level_init.o              4
    -------------------------------------------------
    Total:                        8

m7M_tlv.a: [4]
    fpinit_M.o                   26
    -------------------------------------------------
    Total:                       26

rt7M_tl.a: [5]
    I64DivMod.o                 238
    I64DivZer.o                   2
    cexit.o                      10
    cmain.o                      26
    copy_init3.o                 46
    cstartup_M.o                 12
    data_init.o                  40
    zero_init3.o                 34
    -------------------------------------------------
    Total:                      408

shb_l.a: [6]
    exit.o                       20
    -------------------------------------------------
    Total:                       20

    Gaps                         10
    Linker created                        36    1 024
-----------------------------------------------------
    Grand Total:              4 932       60    1 144


*******************************************************************************
*** ENTRY LIST
***

Entry                      Address   Size  Type      Object
-----                      -------   ----  ----      ------
?main                   0x080011a1         Code  Gb  cmain.o [5]
AHBPrescTable           0x08001108   0x10  Data  Gb  system_stm32f4xx.o [1]
APBPrescTable           0x08001200    0x8  Data  Gb  system_stm32f4xx.o [1]
BusFault_Handler        0x0800116b    0x2  Code  Gb  stm32f4xx_it.o [1]
CSTACK$$Base            0x20000078          --   Gb  - Linker created -
CSTACK$$Limit           0x20000478          --   Gb  - Linker created -
DebugMon_Handler        0x08001171    0x2  Code  Gb  stm32f4xx_it.o [1]
HAL_CAN_Init            0x08000f39   0xf2  Code  Gb  stm32f4xx_hal_can.o [1]
HAL_CAN_MspInit         0x08000911   0x48  Code  Gb  stm32f4xx_hal_msp.o [1]
HAL_GPIO_Init           0x080009cd  0x1b4  Code  Gb  stm32f4xx_hal_gpio.o [1]
HAL_GetTick             0x08000683    0x6  Code  Wk  stm32f4xx_hal.o [1]
HAL_IncTick             0x08000675    0xe  Code  Wk  stm32f4xx_hal.o [1]
HAL_Init                0x0800060d   0x30  Code  Gb  stm32f4xx_hal.o [1]
HAL_InitTick            0x0800063d   0x38  Code  Wk  stm32f4xx_hal.o [1]
HAL_MspInit             0x080008b1   0x60  Code  Gb  stm32f4xx_hal_msp.o [1]
HAL_NVIC_SetPriority    0x080007ef   0x42  Code  Gb  stm32f4xx_hal_cortex.o [1]
HAL_NVIC_SetPriorityGrouping
                        0x080007d5   0x1a  Code  Gb  stm32f4xx_hal_cortex.o [1]
HAL_PWREx_EnableOverDrive
                        0x08001041   0x46  Code  Gb  stm32f4xx_hal_pwr_ex.o [1]
HAL_RCC_ClockConfig     0x0800045b  0x10a  Code  Gb  stm32f4xx_hal_rcc.o [1]
HAL_RCC_GetHCLKFreq     0x080005b1    0x6  Code  Gb  stm32f4xx_hal_rcc.o [1]
HAL_RCC_GetPCLK1Freq    0x080005b7   0x10  Code  Gb  stm32f4xx_hal_rcc.o [1]
HAL_RCC_GetPCLK2Freq    0x080005c7    0xe  Code  Gb  stm32f4xx_hal_rcc.o [1]
HAL_RCC_GetSysClockFreq
                        0x08000565   0x4c  Code  Wk  stm32f4xx_hal_rcc.o [1]
HAL_RCC_OscConfig       0x080001ad  0x2a6  Code  Wk  stm32f4xx_hal_rcc.o [1]
HAL_SYSTICK_CLKSourceConfig
                        0x08000859   0x14  Code  Gb  stm32f4xx_hal_cortex.o [1]
HAL_SYSTICK_Callback    0x0800088d    0x2  Code  Wk  stm32f4xx_hal_cortex.o [1]
HAL_SYSTICK_Config      0x08000831   0x28  Code  Gb  stm32f4xx_hal_cortex.o [1]
HAL_SYSTICK_IRQHandler  0x08000885    0x8  Code  Gb  stm32f4xx_hal_cortex.o [1]
HAL_UART_Init           0x08000bb5   0x30  Code  Gb  stm32f4xx_hal_uart.o [1]
HAL_UART_MspInit        0x08000969   0x3c  Code  Gb  stm32f4xx_hal_msp.o [1]
HardFault_Handler       0x08001167    0x2  Code  Gb  stm32f4xx_it.o [1]
MemManage_Handler       0x08001169    0x2  Code  Gb  stm32f4xx_it.o [1]
NMI_Handler             0x08001165    0x2  Code  Gb  stm32f4xx_it.o [1]
NVIC_GetPriorityGrouping
                        0x080007b1    0xa  Code  Lc  stm32f4xx_hal_cortex.o [1]
NVIC_SetPriority        0x080007bb   0x1a  Code  Lc  stm32f4xx_hal_cortex.o [1]
PendSV_Handler          0x08001173    0x2  Code  Gb  stm32f4xx_it.o [1]
Region$$Table$$Base     0x08001140          --   Gb  - Linker created -
Region$$Table$$Limit    0x08001164          --   Gb  - Linker created -
SVC_Handler             0x0800116f    0x2  Code  Gb  stm32f4xx_it.o [1]
SysTick_Handler         0x08001175    0xe  Code  Gb  stm32f4xx_it.o [1]
SystemClock_Config      0x08000e67   0xb6  Code  Gb  main.o [1]
SystemCoreClock         0x2000000c    0x4  Data  Gb  system_stm32f4xx.o [1]
SystemInit              0x080010b9   0x3a  Code  Gb  system_stm32f4xx.o [1]
UART_SetConfig          0x08000c21  0x18e  Code  Lc  stm32f4xx_hal_uart.o [1]
UsageFault_Handler      0x0800116d    0x2  Code  Gb  stm32f4xx_it.o [1]
__aeabi_ldiv0           0x080009c9         Code  Gb  I64DivZer.o [5]
__aeabi_uldivmod        0x08000695         Code  Gb  I64DivMod.o [5]
__cmain                 0x080011a1         Code  Gb  cmain.o [5]
__exit                  0x080011d1   0x14  Code  Gb  exit.o [6]
__iar_copy_init3        0x08000783   0x2e  Code  Gb  copy_init3.o [5]
__iar_data_init3        0x08001119   0x28  Code  Gb  data_init.o [5]
__iar_init_vfp          0x08001185         Code  Gb  fpinit_M.o [4]
__iar_program_start     0x080011f5         Code  Gb  cstartup_M.o [5]
__iar_zero_init3        0x0800088f   0x22  Code  Gb  zero_init3.o [5]
__low_level_init        0x080011bb    0x4  Code  Gb  low_level_init.o [3]
__vector_table          0x08000000         Data  Gb  startup_stm32f429xx.o [1]
_call_main              0x080011ad         Code  Gb  cmain.o [5]
_exit                   0x080011c5         Code  Gb  cexit.o [5]
_main                   0x080011b7         Code  Gb  cmain.o [5]
exit                    0x080011bf    0x4  Code  Gb  exit.o [3]
hcan1                   0x20000050   0x28  Data  Gb  main.o [1]
huart1                  0x20000010   0x40  Data  Gb  main.o [1]
main                    0x08000dbd   0x9e  Code  Gb  main.o [1]
uwTick                  0x20000004    0x4  Data  Gb  stm32f4xx_hal.o [1]
uwTickFreq              0x20000000    0x1  Data  Gb  stm32f4xx_hal.o [1]
uwTickPrio              0x20000008    0x4  Data  Gb  stm32f4xx_hal.o [1]


[1] = D:\WAVESHARE_STM32_IAR_DEV\Open429I-C-Demo-Iar\Projects\CANLoopBackTestMode\EWARM\CANLoopBackTestMode\Obj
[2] = command line
[3] = dl7M_tlf.a
[4] = m7M_tlv.a
[5] = rt7M_tl.a
[6] = shb_l.a

  4 932 bytes of readonly  code memory
     60 bytes of readonly  data memory
  1 144 bytes of readwrite data memory

Errors: none
Warnings: none
